// Jest Snapshot v1, https://goo.gl/fbAQLP

exports[`<Navbar /> component index expects component to match snapshot 1`] = `
ShallowWrapper {
  Symbol(enzyme.__root__): [Circular],
  Symbol(enzyme.__unrendered__): <Navbar />,
  Symbol(enzyme.__renderer__): Object {
    "batchedUpdates": [Function],
    "getNode": [Function],
    "render": [Function],
    "simulateError": [Function],
    "simulateEvent": [Function],
    "unmount": [Function],
  },
  Symbol(enzyme.__node__): Object {
    "instance": null,
    "key": undefined,
    "nodeType": "function",
    "props": Object {
      "children": <ul
        className="pure-u-lg-1 pure-u-md-1 pure-u-sm-1"
      >
        <li
          className="pure-u-lg-1 pure-u-md-1 pure-u-sm-1"
        >
          <a
            className="inactive"
            href="/"
          >
            Home
          </a>
        </li>
        <li
          className="pure-u-lg-1 pure-u-md-1 pure-u-sm-1"
        >
          <a
            className="inactive"
            href="/skills"
          >
            Skills
          </a>
        </li>
        <li
          className="pure-u-lg-1 pure-u-md-1 pure-u-sm-1"
        >
          <a
            className="inactive"
            href="/cv"
          >
            Curriculum Vitae
          </a>
        </li>
      </ul>,
      "className": "Navbar pure-u-lg-1 pure-u-md-1 pure-u-sm-1",
    },
    "ref": null,
    "rendered": Object {
      "instance": null,
      "key": undefined,
      "nodeType": "host",
      "props": Object {
        "children": Array [
          <li
            className="pure-u-lg-1 pure-u-md-1 pure-u-sm-1"
          >
            <a
              className="inactive"
              href="/"
            >
              Home
            </a>
          </li>,
          <li
            className="pure-u-lg-1 pure-u-md-1 pure-u-sm-1"
          >
            <a
              className="inactive"
              href="/skills"
            >
              Skills
            </a>
          </li>,
          <li
            className="pure-u-lg-1 pure-u-md-1 pure-u-sm-1"
          >
            <a
              className="inactive"
              href="/cv"
            >
              Curriculum Vitae
            </a>
          </li>,
        ],
        "className": "pure-u-lg-1 pure-u-md-1 pure-u-sm-1",
      },
      "ref": null,
      "rendered": Array [
        Object {
          "instance": null,
          "key": "0",
          "nodeType": "host",
          "props": Object {
            "children": <a
              className="inactive"
              href="/"
            >
              Home
            </a>,
            "className": "pure-u-lg-1 pure-u-md-1 pure-u-sm-1",
          },
          "ref": null,
          "rendered": Object {
            "instance": null,
            "key": undefined,
            "nodeType": "host",
            "props": Object {
              "children": "Home",
              "className": "inactive",
              "href": "/",
            },
            "ref": null,
            "rendered": "Home",
            "type": "a",
          },
          "type": "li",
        },
        Object {
          "instance": null,
          "key": "1",
          "nodeType": "host",
          "props": Object {
            "children": <a
              className="inactive"
              href="/skills"
            >
              Skills
            </a>,
            "className": "pure-u-lg-1 pure-u-md-1 pure-u-sm-1",
          },
          "ref": null,
          "rendered": Object {
            "instance": null,
            "key": undefined,
            "nodeType": "host",
            "props": Object {
              "children": "Skills",
              "className": "inactive",
              "href": "/skills",
            },
            "ref": null,
            "rendered": "Skills",
            "type": "a",
          },
          "type": "li",
        },
        Object {
          "instance": null,
          "key": "2",
          "nodeType": "host",
          "props": Object {
            "children": <a
              className="inactive"
              href="/cv"
            >
              Curriculum Vitae
            </a>,
            "className": "pure-u-lg-1 pure-u-md-1 pure-u-sm-1",
          },
          "ref": null,
          "rendered": Object {
            "instance": null,
            "key": undefined,
            "nodeType": "host",
            "props": Object {
              "children": "Curriculum Vitae",
              "className": "inactive",
              "href": "/cv",
            },
            "ref": null,
            "rendered": "Curriculum Vitae",
            "type": "a",
          },
          "type": "li",
        },
      ],
      "type": "ul",
    },
    "type": Object {
      "$$typeof": Symbol(react.forward_ref),
      "attrs": Array [],
      "componentStyle": ComponentStyle {
        "componentId": "sc-bdVaJa",
        "isStatic": true,
        "rules": Array [
          "
  @media screen and (min-width: 768px) {
    .pure-u-lg-1,
    .pure-u-md-1 {
      width: auto;
    }
  }

  @media screen and (max-width: 768px) {
    .pure-u-sm-1 {
      width: auto;
    }
  }

  ul {
    margin: 3em 0;
    padding: 0;

    li {
      display: inline-block;
      margin-right: 1em;
      list-style: none;

      a {
        width: 100%;
        color: #aaa;
        text-decoration: none;
        padding: 0.5em 0;

        &:hover {
          border-bottom: 1px solid #aaa;
        }
      }

      .active {
        color: #000;
        border-bottom: 1px solid #000;
      }
    }
  }
",
        ],
      },
      "displayName": "styled.div",
      "foldedComponentIds": Array [],
      "render": [Function],
      "styledComponentId": "sc-bdVaJa",
      "target": "div",
      "toString": [Function],
      "warnTooManyClasses": [Function],
      "withComponent": [Function],
    },
  },
  Symbol(enzyme.__nodes__): Array [
    Object {
      "instance": null,
      "key": undefined,
      "nodeType": "function",
      "props": Object {
        "children": <ul
          className="pure-u-lg-1 pure-u-md-1 pure-u-sm-1"
        >
          <li
            className="pure-u-lg-1 pure-u-md-1 pure-u-sm-1"
          >
            <a
              className="inactive"
              href="/"
            >
              Home
            </a>
          </li>
          <li
            className="pure-u-lg-1 pure-u-md-1 pure-u-sm-1"
          >
            <a
              className="inactive"
              href="/skills"
            >
              Skills
            </a>
          </li>
          <li
            className="pure-u-lg-1 pure-u-md-1 pure-u-sm-1"
          >
            <a
              className="inactive"
              href="/cv"
            >
              Curriculum Vitae
            </a>
          </li>
        </ul>,
        "className": "Navbar pure-u-lg-1 pure-u-md-1 pure-u-sm-1",
      },
      "ref": null,
      "rendered": Object {
        "instance": null,
        "key": undefined,
        "nodeType": "host",
        "props": Object {
          "children": Array [
            <li
              className="pure-u-lg-1 pure-u-md-1 pure-u-sm-1"
            >
              <a
                className="inactive"
                href="/"
              >
                Home
              </a>
            </li>,
            <li
              className="pure-u-lg-1 pure-u-md-1 pure-u-sm-1"
            >
              <a
                className="inactive"
                href="/skills"
              >
                Skills
              </a>
            </li>,
            <li
              className="pure-u-lg-1 pure-u-md-1 pure-u-sm-1"
            >
              <a
                className="inactive"
                href="/cv"
              >
                Curriculum Vitae
              </a>
            </li>,
          ],
          "className": "pure-u-lg-1 pure-u-md-1 pure-u-sm-1",
        },
        "ref": null,
        "rendered": Array [
          Object {
            "instance": null,
            "key": "0",
            "nodeType": "host",
            "props": Object {
              "children": <a
                className="inactive"
                href="/"
              >
                Home
              </a>,
              "className": "pure-u-lg-1 pure-u-md-1 pure-u-sm-1",
            },
            "ref": null,
            "rendered": Object {
              "instance": null,
              "key": undefined,
              "nodeType": "host",
              "props": Object {
                "children": "Home",
                "className": "inactive",
                "href": "/",
              },
              "ref": null,
              "rendered": "Home",
              "type": "a",
            },
            "type": "li",
          },
          Object {
            "instance": null,
            "key": "1",
            "nodeType": "host",
            "props": Object {
              "children": <a
                className="inactive"
                href="/skills"
              >
                Skills
              </a>,
              "className": "pure-u-lg-1 pure-u-md-1 pure-u-sm-1",
            },
            "ref": null,
            "rendered": Object {
              "instance": null,
              "key": undefined,
              "nodeType": "host",
              "props": Object {
                "children": "Skills",
                "className": "inactive",
                "href": "/skills",
              },
              "ref": null,
              "rendered": "Skills",
              "type": "a",
            },
            "type": "li",
          },
          Object {
            "instance": null,
            "key": "2",
            "nodeType": "host",
            "props": Object {
              "children": <a
                className="inactive"
                href="/cv"
              >
                Curriculum Vitae
              </a>,
              "className": "pure-u-lg-1 pure-u-md-1 pure-u-sm-1",
            },
            "ref": null,
            "rendered": Object {
              "instance": null,
              "key": undefined,
              "nodeType": "host",
              "props": Object {
                "children": "Curriculum Vitae",
                "className": "inactive",
                "href": "/cv",
              },
              "ref": null,
              "rendered": "Curriculum Vitae",
              "type": "a",
            },
            "type": "li",
          },
        ],
        "type": "ul",
      },
      "type": Object {
        "$$typeof": Symbol(react.forward_ref),
        "attrs": Array [],
        "componentStyle": ComponentStyle {
          "componentId": "sc-bdVaJa",
          "isStatic": true,
          "rules": Array [
            "
  @media screen and (min-width: 768px) {
    .pure-u-lg-1,
    .pure-u-md-1 {
      width: auto;
    }
  }

  @media screen and (max-width: 768px) {
    .pure-u-sm-1 {
      width: auto;
    }
  }

  ul {
    margin: 3em 0;
    padding: 0;

    li {
      display: inline-block;
      margin-right: 1em;
      list-style: none;

      a {
        width: 100%;
        color: #aaa;
        text-decoration: none;
        padding: 0.5em 0;

        &:hover {
          border-bottom: 1px solid #aaa;
        }
      }

      .active {
        color: #000;
        border-bottom: 1px solid #000;
      }
    }
  }
",
          ],
        },
        "displayName": "styled.div",
        "foldedComponentIds": Array [],
        "render": [Function],
        "styledComponentId": "sc-bdVaJa",
        "target": "div",
        "toString": [Function],
        "warnTooManyClasses": [Function],
        "withComponent": [Function],
      },
    },
  ],
  Symbol(enzyme.__options__): Object {
    "adapter": ReactSixteenAdapter {
      "options": Object {
        "enableComponentDidUpdateOnSetState": true,
        "lifecycles": Object {
          "componentDidUpdate": Object {
            "onSetState": true,
          },
          "getDerivedStateFromProps": true,
          "getSnapshotBeforeUpdate": true,
          "setState": Object {
            "skipsComponentDidUpdateOnNullish": true,
          },
        },
      },
    },
  },
}
`;
