// Jest Snapshot v1, https://goo.gl/fbAQLP

exports[`<Skills /> component index renders without crashing 1`] = `
ShallowWrapper {
  "length": 1,
  Symbol(enzyme.__root__): [Circular],
  Symbol(enzyme.__unrendered__): <withProps(withProps(Skills))
    codeSkills={
        Array [
            Object {
              "description": "bla bla bla.",
              "logo": "bla",
              "name": "bla bla",
            },
          ]
    }
    location={
        Object {
            "pathname": "/home/",
          }
    }
    softSkills={
        Array [
            Object {
              "description": "bla bla bla.",
              "logo": "bla",
              "name": "bla bla",
            },
          ]
    }
/>,
  Symbol(enzyme.__renderer__): Object {
    "batchedUpdates": [Function],
    "getNode": [Function],
    "render": [Function],
    "simulateEvent": [Function],
    "unmount": [Function],
  },
  Symbol(enzyme.__node__): Object {
    "instance": null,
    "key": undefined,
    "nodeType": "function",
    "props": Object {
      "codeSkills": Array [
        Object {
          "description": "bla bla bla.",
          "logo": "bla",
          "name": "bla bla",
        },
      ],
      "location": Object {
        "pathname": "/home/",
      },
      "softSkills": Array [
        Object {
          "description": "I love building software for the web. Thus I always aim to use state-of-the-art technology while keeping my code as clean, fast and well tested as possbile.",
          "logo": "code.svg",
          "name": "I craft code",
        },
        Object {
          "description": "Passion for well designed user experiences and an eye for detail is part of my DNA. Being a trained media designer I turned this passion into a profession early on in my career.",
          "logo": "design.svg",
          "name": "I design media",
        },
        Object {
          "description": "Great results can only be achieved in a team. I've been part of such teams and have led them myself as wellc. Thus I'm always commited to provide my team mates with everything they need to achieve greatness - be it as their partner or their leader.",
          "logo": "team.svg",
          "name": "I'm a team player",
        },
      ],
    },
    "ref": null,
    "rendered": null,
    "type": [Function],
  },
  Symbol(enzyme.__nodes__): Array [
    Object {
      "instance": null,
      "key": undefined,
      "nodeType": "function",
      "props": Object {
        "codeSkills": Array [
          Object {
            "description": "bla bla bla.",
            "logo": "bla",
            "name": "bla bla",
          },
        ],
        "location": Object {
          "pathname": "/home/",
        },
        "softSkills": Array [
          Object {
            "description": "I love building software for the web. Thus I always aim to use state-of-the-art technology while keeping my code as clean, fast and well tested as possbile.",
            "logo": "code.svg",
            "name": "I craft code",
          },
          Object {
            "description": "Passion for well designed user experiences and an eye for detail is part of my DNA. Being a trained media designer I turned this passion into a profession early on in my career.",
            "logo": "design.svg",
            "name": "I design media",
          },
          Object {
            "description": "Great results can only be achieved in a team. I've been part of such teams and have led them myself as wellc. Thus I'm always commited to provide my team mates with everything they need to achieve greatness - be it as their partner or their leader.",
            "logo": "team.svg",
            "name": "I'm a team player",
          },
        ],
      },
      "ref": null,
      "rendered": null,
      "type": [Function],
    },
  ],
  Symbol(enzyme.__options__): Object {
    "adapter": ReactSixteenAdapter {
      "options": Object {
        "enableComponentDidUpdateOnSetState": true,
      },
    },
  },
}
`;
